// Jest Snapshot v1, https://goo.gl/fbAQLP

exports[`Renders correctly 1`] = `
<div
  className="stack"
>
  <p>
    One
  </p>
  <p>
    Two
  </p>
  <p>
    Three
  </p>
</div>
`;
