// Jest Snapshot v1, https://goo.gl/fbAQLP

exports[`Renders correctly 1`] = `
<h1
  className="heading"
>
  Test
</h1>
`;
