// Jest Snapshot v1, https://goo.gl/fbAQLP

exports[`renders correctly 1`] = `
<div
  className="note pink"
>
  <p>
    Test
  </p>
</div>
`;
